// Vitest Snapshot v1, https://vitest.dev/guide/snapshot.html

exports[`ChooseDateInput > matches snapshot 1`] = `
<DocumentFragment>
  <div
    class="booking-form-field "
  >
    <label
      class="booking-form-label "
    >
      Choose Date:
    </label>
    <input
      class="booking-form-input "
      type="date"
    />
  </div>
</DocumentFragment>
`;
