// Vitest Snapshot v1, https://vitest.dev/guide/snapshot.html

exports[`Button > matches snapshot 1`] = `
<DocumentFragment>
  <button
    class="button button--default button--medium"
  >
    Snapshot Button
  </button>
</DocumentFragment>
`;
